// Jest Snapshot v1, https://goo.gl/fbAQLP

exports[`ProductTitle should render with the name of the product 1`] = `
<div
  className="productCard undefined"
>
  <span
    className="productDescription undefined"
  >
    Cofee Mug 1
  </span>
</div>
`;

exports[`ProductTitle should render with the title 1`] = `
<span
  className="productDescription custom-class"
>
  Custom Product
</span>
`;
